// Jest Snapshot v1, https://goo.gl/fbAQLP

exports[`Testing header Snapshot of the Skills component 1`] = `
<div
  className="flex flex-col items-center lg:gap-8 justify-center py-3 px-0 sm:py-6 sm:px-2 bg-gray-500 dark:bg-gray-900 transition duration-500 bg-opacity-70 dark:bg-opacity-70"
>
  <div
    className="flex flex-col justify-center  border-double border-b-2 border-gray-700 dark:border-gray-500 pt-0 p-2 lg:w-full transition duration-500"
  >
    <div
      className="hidden md:flex flex-col space-y-9"
    >
      <div
        className="flex items-center justify-evenly gap-10"
      >
        <a
          className="flex flex-col items-center"
          href="https://res.cloudinary.com/dbn5gpgi5/image/upload/v1681117638/ji8dwtahm9dom6kuzxbm.png"
          skill-tool-tip-msg="Click here to see certificate"
          target="blank"
        >
          <img
            alt="JS"
            className="skill-logo "
            src="https://img.icons8.com/nolan/96/javascript.png"
          />
          <p
            className="text-gray-200 dark:text-yellow-500 transition duration-500"
          >
            Javascript
          </p>
        </a>
        <a
          className="flex flex-col items-center"
          href="https://res.cloudinary.com/dbn5gpgi5/image/upload/v1681117638/ji8dwtahm9dom6kuzxbm.png"
          skill-tool-tip-msg="Click here to see certificate"
          target="blank"
        >
          <img
            alt="React"
            className="skill-logo h-20 w-20 mb-3 -z-20"
            src="https://img.icons8.com/officel/80/000000/react.png"
          />
          <p
            className="text-gray-200 dark:text-blue-300 transition duration-500"
          >
            React
          </p>
        </a>
        <a
          className="flex flex-col items-center"
          href="https://res.cloudinary.com/dbn5gpgi5/image/upload/v1681117638/ji8dwtahm9dom6kuzxbm.png"
          skill-tool-tip-msg="Click here to see certificate"
          target="blank"
        >
          <svg
            className="skill-logo mb-3"
          >
            redux.svg
          </svg>
          <p
            className="text-gray-200 dark:text-purple-400 transition duration-500 -mt-4"
          >
            Redux
          </p>
        </a>
        <a
          className="flex flex-col items-center"
          href="https://res.cloudinary.com/dbn5gpgi5/image/upload/v1681117640/ak5pcxrhwyigv9z0nqql.png"
          skill-tool-tip-msg="Click here to see certificate"
          target="blank"
        >
          <img
            alt="React"
            className="skill-logo -z-20 "
            src="https://img.icons8.com/color/48/000000/graphql.png"
          />
          <p
            className="text-gray-200 dark:text-pink-500 transition duration-500"
          >
            GraphQL
          </p>
        </a>
        <a
          className="flex flex-col items-center"
          href="https://res.cloudinary.com/dbn5gpgi5/image/upload/v1681117641/ffbedqhkfwmbaitpjrwx.png"
          skill-tool-tip-msg="Click here to see certificate"
          target="blank"
        >
          <img
            alt="React"
            className="skill-logo"
            src="https://img.icons8.com/nolan/96/react-native.png"
          />
          <p
            className="text-gray-200 dark:text-pink-700 transition duration-500"
          >
            React-Native
          </p>
        </a>
        <a
          className="flex flex-col items-center"
          href="https://res.cloudinary.com/dbn5gpgi5/image/upload/v1681117644/eawik5gh4ahctjy39sby.png"
          skill-tool-tip-msg="Click here to see certificate"
          target="blank"
        >
          <svg
            className=" skill-logo rounded-sm h-16 w-16 mb-0 mt-5"
          >
            typescript.svg
          </svg>
          <p
            className="text-gray-200 dark:text-yellow-500 transition duration-500 mt-3"
          >
            Typescript
          </p>
        </a>
      </div>
      <div
        className="flex items-center justify-evenly gap-20"
      >
        <div
          className="flex flex-col items-center"
        >
          <img
            alt="HTML"
            className="skill-logo  mb-2"
            src="https://img.icons8.com/color/344/html-5--v1.png"
          />
          <p
            className="text-gray-200 dark:text-purple-400 transition duration-500"
          >
            HTML
          </p>
        </div>
        <div
          className="flex flex-col items-center"
        >
          <svg
            className="skill-logo  mb-3"
          >
            css.svg
          </svg>
          <p
            className="text-gray-200 dark:text-purple-400 transition duration-500"
          >
            CSS
          </p>
        </div>
        <a
          className="flex flex-col items-center"
          href="https://res.cloudinary.com/dbn5gpgi5/image/upload/v1681117638/ji8dwtahm9dom6kuzxbm.png"
          skill-tool-tip-msg="Click here to see certificate"
          target="blank"
        >
          <img
            alt="React"
            className="skill-logo -z-20"
            src="https://img.icons8.com/color/96/000000/mongodb.png"
          />
          <p
            className="text-gray-200 dark:text-green-400 transition duration-500"
          >
            MongoDB
          </p>
        </a>
        <a
          className="flex flex-col items-center"
          href="https://res.cloudinary.com/dbn5gpgi5/image/upload/v1681117638/ji8dwtahm9dom6kuzxbm.png"
          skill-tool-tip-msg="Click here to see certificate"
          target="blank"
        >
          <img
            alt="React"
            className="skill-logo bg-green-400 p-3 -z-20"
            src="https://img.icons8.com/color/96/000000/nodejs.png"
          />
        </a>
        <a
          className="flex flex-col items-center"
          href="https://res.cloudinary.com/dbn5gpgi5/image/upload/v1681117640/zomoudnr2mriz6zvdetq.png"
          skill-tool-tip-msg="Click here to see certificate"
          target="blank"
        >
          <svg
            className="skill-logo h-32 w-16 -mb-3 -mt-3 -z-20"
          >
            sql.svg
          </svg>
        </a>
      </div>
      <div
        className="flex items-center justify-evenly gap-16"
      >
        <div
          className="flex flex-col items-center"
        >
          <svg
            className="skill-logo h-36"
          >
            java.svg
          </svg>
          <div
            className="flex gap-2 "
          >
            <a
              className="text-gray-300 underline transition duration-200 hover:text-indigo-600"
              href="https://res.cloudinary.com/dbn5gpgi5/image/upload/v1681118753/rtibuwlmtzmdtr35u2gw.png"
              skill-tool-tip-msg="Java Programming I"
              target="blank"
            >
              Cert I
            </a>
            <a
              className="text-gray-300 underline transition duration-200 hover:text-indigo-600"
              href="https://res.cloudinary.com/dbn5gpgi5/image/upload/v1681118770/v7jfhsjvhla0pyw1p1dr.png"
              skill-tool-tip-msg="Java Programming II"
              target="blank"
            >
              Cert II
            </a>
          </div>
        </div>
        <div
          className="flex flex-col items-center"
        >
          <img
            alt="tailwind-logo"
            className="skill-logo h-16 mb-3"
            src="tailwind-css.png"
          />
          <p
            className="text-gray-200 dark:text-blue-300 transition duration-500"
          >
            Tailwindcss
          </p>
        </div>
        <a
          className="flex flex-col items-center"
          href="https://res.cloudinary.com/dbn5gpgi5/image/upload/v1681117638/ji8dwtahm9dom6kuzxbm.png"
          skill-tool-tip-msg="Click here to see certificate"
          target="blank"
        >
          <svg
            className="skill-logo h-20 -z-20 "
          >
            cypress.svg
          </svg>
          <p
            className="text-gray-200 dark:text-gray-50 transition duration-500"
          >
            Cypress.io
          </p>
        </a>
        <a
          className="flex flex-col items-center"
          href="https://res.cloudinary.com/dbn5gpgi5/image/upload/v1681117643/q26fq714x9njo4pxskps.png"
          skill-tool-tip-msg="Click here to see certificate"
          target="blank"
        >
          <svg
            className="skill-logo  p-3 bg-transparent bg-opacity-10"
          >
            docker.svg
          </svg>
          <p
            className=" text-center text-gray-200 dark:text-blue-700 transition duration-500"
          >
            Docker
          </p>
        </a>
        <div
          className="flex flex-col items-center"
        >
          <svg
            className="skill-logo  p-3 bg-white"
          >
            aws-logo.svg
          </svg>
        </div>
      </div>
    </div>
    <div
      className="md:hidden block"
    >
      <div
        className="flex flex-col items-center space-y-3 sm:space-y-8 md:space-y-12"
      >
        <div
          className="flex items-center justify-evenly space-x-12"
        >
          <a
            className="flex flex-col items-center"
            href="https://res.cloudinary.com/dbn5gpgi5/image/upload/v1681117638/ji8dwtahm9dom6kuzxbm.png"
            target="blank"
          >
            <img
              alt="JS"
              className="skill-logo p-2 "
              src="https://img.icons8.com/nolan/96/javascript.png"
            />
            <p
              className="text-sm text-gray-200 dark:text-yellow-500 transition duration-500"
            >
              Javascript
            </p>
          </a>
          <a
            className="flex flex-col items-center"
            href="https://res.cloudinary.com/dbn5gpgi5/image/upload/v1681117638/ji8dwtahm9dom6kuzxbm.png"
            target="blank"
          >
            <img
              alt="React"
              className="skill-logo p-2 "
              src="https://img.icons8.com/officel/80/000000/react.png"
            />
            <p
              className="text-sm text-gray-200 dark:text-blue-300 transition duration-500"
            >
              React
            </p>
          </a>
          <a
            className="flex flex-col items-center"
            href="https://res.cloudinary.com/dbn5gpgi5/image/upload/v1681117638/ji8dwtahm9dom6kuzxbm.png"
            target="blank"
          >
            <svg
              className="skill-logo "
            >
              redux.svg
            </svg>
            <p
              className="text-sm text-gray-200 dark:text-purple-700 transition duration-500"
            >
              Redux
            </p>
          </a>
        </div>
        <div
          className="flex items-center justify-evenly space-x-12"
        >
          <a
            className="flex flex-col items-center"
            href="https://res.cloudinary.com/dbn5gpgi5/image/upload/v1681117641/ffbedqhkfwmbaitpjrwx.png"
            target="blank"
          >
            <img
              alt="React"
              className="skill-logo  "
              src="https://img.icons8.com/nolan/96/react-native.png"
            />
            <p
              className="text-sm text-gray-200 text-center dark:text-pink-800 transition duration-500"
            >
              React-Native
            </p>
          </a>
          <a
            className="flex flex-col items-center"
            href="https://res.cloudinary.com/dbn5gpgi5/image/upload/v1681117638/ji8dwtahm9dom6kuzxbm.png"
            target="blank"
          >
            <img
              alt="React"
              className="skill-logo "
              src="https://img.icons8.com/color/96/000000/mongodb.png"
            />
            <p
              className="text-sm text-gray-200 dark:text-green-400 transition duration-500"
            >
              MongoDB
            </p>
          </a>
          <a
            className="flex flex-col items-center"
            href="https://res.cloudinary.com/dbn5gpgi5/image/upload/v1681117640/ak5pcxrhwyigv9z0nqql.png"
            target="blank"
          >
            <img
              alt="React"
              className="skill-logo "
              src="https://img.icons8.com/color/48/000000/graphql.png"
            />
            <p
              className="text-sm text-gray-200 dark:text-pink-500 transition duration-500"
            >
              GraphQL
            </p>
          </a>
        </div>
        <div
          className="flex items-center justify-evenly space-x-12"
        >
          <a
            className="flex flex-col items-center"
            href="https://res.cloudinary.com/dbn5gpgi5/image/upload/v1681117638/ji8dwtahm9dom6kuzxbm.png"
            target="blank"
          >
            <img
              alt="React"
              className="skill-logo text-gray-200 bg-green-400 p-2 md:h-24 "
              src="https://img.icons8.com/color/96/000000/nodejs.png"
            />
          </a>
          <div
            className="flex flex-col items-center"
          >
            <img
              alt="tailwind-logo"
              className="skill-logo h-12  mb-2"
              src="tailwind-css.png"
            />
            <p
              className="text-sm text-gray-200 dark:text-blue-300 transition duration-500"
            >
              Tailwindcss
            </p>
          </div>
          <a
            className="flex flex-col items-center"
            href="https://res.cloudinary.com/dbn5gpgi5/image/upload/v1681117638/ji8dwtahm9dom6kuzxbm.png"
            target="blank"
          >
            <svg
              className="skill-logo"
            >
              cypress.svg
            </svg>
            <p
              className="text-sm text-gray-200 dark:text-gray-300 transition duration-500"
            >
              Cypress.io
            </p>
          </a>
        </div>
        <div
          className="flex items-center justify-evenly space-x-12"
        >
          <a
            className="flex flex-col items-center"
            href="https://res.cloudinary.com/dbn5gpgi5/image/upload/v1681117644/eawik5gh4ahctjy39sby.png"
            target="blank"
          >
            <svg
              className="skill-logo h-14 w-14 my-2 rounded-sm "
            >
              typescript.svg
            </svg>
            <p
              className="text-sm text-gray-200 dark:text-green-400 transition duration-500"
            >
              Typescript
            </p>
          </a>
          <a
            className="flex flex-col items-center"
            href="https://res.cloudinary.com/dbn5gpgi5/image/upload/v1681117643/q26fq714x9njo4pxskps.png"
            target="blank"
          >
            <svg
              className="skill-logo my-2 bg-opacity-10"
            >
              docker.svg
            </svg>
            <p
              className=" text-center text-gray-200 dark:text-blue-700 transition duration-500 w-16"
            >
              Docker
            </p>
          </a>
          <div
            className="flex flex-col items-center"
          >
            <svg
              className="skill-logo p-3 my-2 bg-white"
            >
              aws-logo.svg
            </svg>
          </div>
        </div>
        <div
          className="flex items-center justify-evenly space-x-12"
        >
          <a
            className="flex flex-col items-center"
            href="https://res.cloudinary.com/dbn5gpgi5/image/upload/v1681117640/zomoudnr2mriz6zvdetq.png"
            target="blank"
          >
            <svg
              className="skill-logo h-24 w-12 -mb-3 -mt-3"
            >
              sql.svg
            </svg>
          </a>
          <div
            className="flex flex-col items-center"
          >
            <img
              alt="HTML"
              className="skill-logo "
              src="https://img.icons8.com/color/344/html-5--v1.png"
            />
            <p
              className=" text-center text-gray-200 dark:text-yellow-800 transition duration-500"
            >
              HTML
            </p>
          </div>
          <div
            className="flex flex-col items-center"
          >
            <svg
              className="skill-logo bg-transparent p-1"
            >
              css.svg
            </svg>
            <p
              className=" text-center text-gray-200 dark:text-blue-700 transition duration-500 w-16"
            >
              CSS
            </p>
          </div>
        </div>
        <div
          className="flex items-center justify-evenly space-x-12"
        >
          <div
            className="flex flex-col items-center"
          >
            <svg
              className="skill-logo h-28"
            >
              java.svg
            </svg>
            <div
              className="flex gap-3 "
            >
              <a
                className="text-gray-300 underline transition duration-200 hover:text-indigo-600"
                href="https://res.cloudinary.com/dbn5gpgi5/image/upload/v1681118753/rtibuwlmtzmdtr35u2gw.png"
                skill-tool-tip-msg="Java Programming I"
                target="blank"
              >
                Cert I
              </a>
              <a
                className="text-gray-300 underline transition duration-200 hover:text-indigo-600"
                href="https://res.cloudinary.com/dbn5gpgi5/image/upload/v1681118770/v7jfhsjvhla0pyw1p1dr.png"
                skill-tool-tip-msg="Java Programming II"
                target="blank"
              >
                Cert II
              </a>
            </div>
          </div>
        </div>
      </div>
    </div>
    <p
      className="text-center pt-4 text-gray-200 dark:text-gray-300 text-xs sm:text-sm uppercase transition duration-500"
    >
      Click in the logo to see the related certificate
    </p>
  </div>
  <div
    className="flex flex-col md:flex-row justify-center md:w-full gap-2 sm:gap-4 md:gap-16 xl:gap-10 pt-5"
  >
    <div
      className="flex flex-col xl:flex-row gap-2 sm:gap-4 md:gap-6 xl:gap-10  "
    >
      <div
        className="flex items-center gap-4 md:gap-0"
      >
        <svg
          aria-hidden="true"
          className="w-5 h-5 text-gray-200 dark:text-gray-300 "
          fill="currentColor"
          viewBox="0 0 20 20"
          xmlns="http://www.w3.org/2000/svg"
        >
          <path
            d="M10 3.5a1.5 1.5 0 013 0V4a1 1 0 001 1h3a1 1 0 011 1v3a1 1 0 01-1 1h-.5a1.5 1.5 0 000 3h.5a1 1 0 011 1v3a1 1 0 01-1 1h-3a1 1 0 01-1-1v-.5a1.5 1.5 0 00-3 0v.5a1 1 0 01-1 1H6a1 1 0 01-1-1v-3a1 1 0 00-1-1h-.5a1.5 1.5 0 010-3H4a1 1 0 001-1V6a1 1 0 011-1h3a1 1 0 001-1v-.5z"
          />
        </svg>
        <p
          className="md:px-5 text-gray-200 dark:text-gray-300 text-xs sm:text-sm uppercase transition duration-500"
        >
          Ability to multitask
        </p>
      </div>
      <div
        className="flex items-center gap-4 md:gap-0"
      >
        <svg
          aria-hidden="true"
          className="w-5 h-5 text-gray-200 dark:text-gray-300 "
          fill="currentColor"
          viewBox="0 0 20 20"
          xmlns="http://www.w3.org/2000/svg"
        >
          <path
            d="M11 3a1 1 0 10-2 0v1a1 1 0 102 0V3zM15.657 5.757a1 1 0 00-1.414-1.414l-.707.707a1 1 0 001.414 1.414l.707-.707zM18 10a1 1 0 01-1 1h-1a1 1 0 110-2h1a1 1 0 011 1zM5.05 6.464A1 1 0 106.464 5.05l-.707-.707a1 1 0 00-1.414 1.414l.707.707zM5 10a1 1 0 01-1 1H3a1 1 0 110-2h1a1 1 0 011 1zM8 16v-1h4v1a2 2 0 11-4 0zM12 14c.015-.34.208-.646.477-.859a4 4 0 10-4.954 0c.27.213.462.519.476.859h4.002z"
          />
        </svg>
        <p
          className="md:px-5 text-gray-200 dark:text-gray-300 text-xs sm:text-sm uppercase transition duration-500"
        >
          Engaged, persistent and focused
        </p>
      </div>
    </div>
    <div
      className="flex flex-col xl:flex-row gap-2 sm:gap-4 md:gap-6 xl:gap-10  "
    >
      <div
        className="flex items-center gap-4 md:gap-0"
      >
        <svg
          aria-hidden="true"
          className="w-5 h-5 text-gray-200 dark:text-gray-300 "
          fill="currentColor"
          viewBox="0 0 20 20"
          xmlns="http://www.w3.org/2000/svg"
        >
          <path
            clipRule="evenodd"
            d="M7 2a1 1 0 011 1v1h3a1 1 0 110 2H9.578a18.87 18.87 0 01-1.724 4.78c.29.354.596.696.914 1.026a1 1 0 11-1.44 1.389c-.188-.196-.373-.396-.554-.6a19.098 19.098 0 01-3.107 3.567 1 1 0 01-1.334-1.49 17.087 17.087 0 003.13-3.733 18.992 18.992 0 01-1.487-2.494 1 1 0 111.79-.89c.234.47.489.928.764 1.372.417-.934.752-1.913.997-2.927H3a1 1 0 110-2h3V3a1 1 0 011-1zm6 6a1 1 0 01.894.553l2.991 5.982a.869.869 0 01.02.037l.99 1.98a1 1 0 11-1.79.895L15.383 16h-4.764l-.724 1.447a1 1 0 11-1.788-.894l.99-1.98.019-.038 2.99-5.982A1 1 0 0113 8zm-1.382 6h2.764L13 11.236 11.618 14z"
            fillRule="evenodd"
          />
        </svg>
        <p
          className="md:px-5 text-gray-200 dark:text-gray-300 text-xs sm:text-sm uppercase transition duration-500"
        >
          Mother tongue: Spanish
        </p>
      </div>
      <div
        className="flex items-center gap-4 md:gap-0"
      >
        <svg
          aria-hidden="true"
          className="w-5 h-5 text-gray-200 dark:text-gray-300 "
          fill="currentColor"
          viewBox="0 0 20 20"
          xmlns="http://www.w3.org/2000/svg"
        >
          <path
            clipRule="evenodd"
            d="M7 2a1 1 0 011 1v1h3a1 1 0 110 2H9.578a18.87 18.87 0 01-1.724 4.78c.29.354.596.696.914 1.026a1 1 0 11-1.44 1.389c-.188-.196-.373-.396-.554-.6a19.098 19.098 0 01-3.107 3.567 1 1 0 01-1.334-1.49 17.087 17.087 0 003.13-3.733 18.992 18.992 0 01-1.487-2.494 1 1 0 111.79-.89c.234.47.489.928.764 1.372.417-.934.752-1.913.997-2.927H3a1 1 0 110-2h3V3a1 1 0 011-1zm6 6a1 1 0 01.894.553l2.991 5.982a.869.869 0 01.02.037l.99 1.98a1 1 0 11-1.79.895L15.383 16h-4.764l-.724 1.447a1 1 0 11-1.788-.894l.99-1.98.019-.038 2.99-5.982A1 1 0 0113 8zm-1.382 6h2.764L13 11.236 11.618 14z"
            fillRule="evenodd"
          />
        </svg>
        <p
          className="md:px-5 text-gray-200 dark:text-gray-300 text-xs sm:text-sm uppercase transition duration-500"
        >
          Proficiency in English
        </p>
      </div>
    </div>
  </div>
</div>
`;

exports[`Testing header Snapshot of the Strenghts component 1`] = `
<div
  className="bg-gray-500 dark:bg-gray-900 flex flex-col items-center p-4 md:py-10 lg:py-20 transition duration-500 rounded-b-xl bg-opacity-70 dark:bg-opacity-70"
>
  <div
    className="w-full sm:w-11/12 lg:w-2/3 text-center"
  >
    <div
      className="p-4 border-2 border-gray-400 rounded-md bg-gray-500 mb-3"
    >
      <button
        className="flex items-center justify-between w-full"
        onClick={[Function]}
      >
        <p
          className="text-2xl text-gray-900 text-left cursor-pointer pb-2 w-full "
        >
          Committed and Perseverant
        </p>
        <div
          className="transition duration-300"
        >
          <svg
            aria-hidden="true"
            className="h-6 w-6 text-gray-300"
            fill="none"
            stroke="currentColor"
            strokeWidth={2}
            viewBox="0 0 24 24"
            xmlns="http://www.w3.org/2000/svg"
          >
            <path
              d="M9 5l7 7-7 7"
              strokeLinecap="round"
              strokeLinejoin="round"
            />
          </svg>
        </div>
      </button>
    </div>
    <div
      className="p-4 border-2 border-gray-400 rounded-md bg-gray-500 mb-3"
    >
      <button
        className="flex items-center justify-between w-full"
        onClick={[Function]}
      >
        <p
          className="text-2xl text-gray-900 text-left cursor-pointer pb-2 w-full "
        >
          Customer Service Oriented
        </p>
        <div
          className="transition duration-300"
        >
          <svg
            aria-hidden="true"
            className="h-6 w-6 text-gray-300"
            fill="none"
            stroke="currentColor"
            strokeWidth={2}
            viewBox="0 0 24 24"
            xmlns="http://www.w3.org/2000/svg"
          >
            <path
              d="M9 5l7 7-7 7"
              strokeLinecap="round"
              strokeLinejoin="round"
            />
          </svg>
        </div>
      </button>
    </div>
    <div
      className="p-4 border-2 border-gray-400 rounded-md bg-gray-500 mb-3"
    >
      <button
        className="flex items-center justify-between w-full"
        onClick={[Function]}
      >
        <p
          className="text-2xl text-gray-900 text-left cursor-pointer pb-2"
        >
          Teaching Experience
        </p>
        <div
          className="transition duration-300"
        >
          <svg
            aria-hidden="true"
            className="h-6 w-6 text-gray-300"
            fill="none"
            stroke="currentColor"
            strokeWidth={2}
            viewBox="0 0 24 24"
            xmlns="http://www.w3.org/2000/svg"
          >
            <path
              d="M9 5l7 7-7 7"
              strokeLinecap="round"
              strokeLinejoin="round"
            />
          </svg>
        </div>
      </button>
    </div>
    <div
      className="p-4 border-2 border-gray-400 rounded-md bg-gray-500 mb-3"
    >
      <button
        className="flex items-center justify-between w-full"
        onClick={[Function]}
      >
        <p
          className="text-2xl text-gray-900 text-left cursor-pointer pb-2"
        >
          HIGH 
          <span
            className="border-2 border-yellow-300 p-1"
          >
            5
          </span>
           TEST
        </p>
        <div
          className="transition duration-300"
        >
          <svg
            aria-hidden="true"
            className="h-6 w-6 text-gray-300"
            fill="none"
            stroke="currentColor"
            strokeWidth={2}
            viewBox="0 0 24 24"
            xmlns="http://www.w3.org/2000/svg"
          >
            <path
              d="M9 5l7 7-7 7"
              strokeLinecap="round"
              strokeLinejoin="round"
            />
          </svg>
        </div>
      </button>
    </div>
  </div>
</div>
`;
