// Jest Snapshot v1, https://goo.gl/fbAQLP

exports[`Testing Snapshot of the Contact component 1`] = `
<div
  className="transform duration-500 pt-2 p-8 sm:p-4 pb-0 w-full sm:w-4/5 lg:w-8/12 "
>
  <form
    onSubmit={[Function]}
  >
    <div
      className="flex flex-col items-center justify-center gap-6 transition duration-500  bg-opacity-70 dark:bg-opacity-70 rounded-xl"
    >
      <div
        className="relative flex flex-col sm:flex-row justify-between items-center gap-3 w-full"
      >
        <input
          className="bg-opacity-10 bg-white rounded-md h-10 sm:h-12 w-full p-2 text-gray-800 dark:text-gray-400 text-md md:text-lg block border border-opacity-10 focus:outline-none focus:ring-1 focus:ring-gray-200 focus:border-transparent shadow-sm border-gray-100 placeholder-gray-700 dark:placeholder-gray-400 placeholder-opacity-50 dark:placeholder-opacity-50 dark:duration-500 transition duration-500 "
          name="name"
          onChange={[Function]}
          placeholder="Full Name"
          required={true}
          type="text"
          value=""
        />
        <div
          className="relative flex flex-col w-full"
        >
          <input
            className="bg-opacity-10 bg-white rounded-md h-10 sm:h-12 p-2 text-gray-800 dark:text-gray-400 text-md md:text-lg block border border-opacity-10 focus:outline-none focus:ring-1 focus:ring-gray-200 focus:border-transparent shadow-sm border-gray-100 placeholder-gray-700 dark:placeholder-gray-400 placeholder-opacity-50 dark:placeholder-opacity-50 dark:duration-500 transition duration-500 "
            name="email"
            onChange={[Function]}
            placeholder="Email"
            required={true}
            type="email"
            value=""
          />
          <label
            className="absolute -bottom-5 left-2 text-sm text-red-900 dark:text-red-300"
          />
        </div>
      </div>
      <textarea
        className="bg-opacity-10 bg-white rounded-md h-24 w-full p-2 text-gray-800 dark:text-gray-400 text-md md:text-lg block border border-opacity-10 focus:outline-none focus:ring-1 focus:ring-gray-200 focus:border-transparent shadow-sm border-gray-100 placeholder-gray-700 dark:placeholder-gray-400 placeholder-opacity-50 dark:placeholder-opacity-50 dark:duration-500 transition duration-500 "
        maxLength="500"
        minLength="50"
        name="message"
        onChange={[Function]}
        placeholder="Message"
        required={true}
        type="text"
        value=""
      />
      <p
        className="hidden "
      >
        I'll get back to you as soon as possible.
      </p>
    </div>
    <div
      className="flex flex-col ml:flex-row ml:items-center justify-evenly ml:justify-between"
    >
      <div
        className="flex justify-end pt-1"
      >
        <label
          className="text-gray-300 text-center"
        />
      </div>
      <div
        className="flex flex-col xs:flex-row xs:gap-1 sm:gap-5 ml:gap-1 items-center justify-center ml:justify-end"
      >
        <div
          className="flex justify-center w-36 xs:w-44 m-0"
        >
          <div
            className=" scale-60 xs:scale-55"
          />
        </div>
        <div
          className="flex flex-col items-center "
        >
          <button
            className="transition duration-500 inline-flex justify-center py-2 px-10 w-48 xs:py-2 xs:px-9 xs:w-44 shadow-sm font-extralight rounded-md bg-black opacity-20 text-lg text-gray-300"
            disabled={true}
            type="submit"
          >
            Send
          </button>
        </div>
      </div>
    </div>
  </form>
</div>
`;
