// Jest Snapshot v1, https://goo.gl/fbAQLP

exports[`Testing Snapshot of the Contact component 1`] = `
<div
  className="transform duration-500 pt-2 p-8 sm:p-4 pb-0 w-full sm:w-4/5 md:w-3/4 "
>
  <form
    onSubmit={[Function]}
  >
    <div
      className="flex flex-col items-center justify-center gap-6 transition duration-500  bg-opacity-70 dark:bg-opacity-70 rounded-xl"
    >
      <div
        className="relative flex flex-col sm:flex-row justify-between items-center gap-3 w-full"
      >
        <input
          className="bg-opacity-10 bg-white rounded-md h-10 sm:h-12 w-full p-2 text-gray-800 dark:text-gray-400 text-md md:text-lg block border border-opacity-10 focus:outline-none focus:ring-1 focus:ring-gray-200 focus:border-transparent shadow-sm border-gray-100 placeholder-gray-700 dark:placeholder-gray-400 placeholder-opacity-50 dark:placeholder-opacity-50 dark:duration-500 transition duration-500 "
          name="name"
          onChange={[Function]}
          placeholder="Full Name"
          required={true}
          type="text"
          value=""
        />
        <div
          className="relative flex flex-col w-full"
        >
          <input
            className="bg-opacity-10 bg-white rounded-md h-10 sm:h-12  p-2 text-gray-800 dark:text-gray-400 text-md md:text-lg block border border-opacity-10 focus:outline-none focus:ring-1 focus:ring-gray-200 focus:border-transparent shadow-sm border-gray-100 placeholder-gray-700 dark:placeholder-gray-400 placeholder-opacity-50 dark:placeholder-opacity-50 dark:duration-500 transition duration-500 "
            name="email"
            onChange={[Function]}
            placeholder="Email"
            required={true}
            type="email"
            value=""
          />
          <label
            className="absolute -bottom-5 left-2 text-sm text-red-900 dark:text-red-300"
          />
        </div>
      </div>
      <textarea
        className="bg-opacity-10 bg-white rounded-md h-24 w-full p-2 text-gray-800 dark:text-gray-400 text-md md:text-lg block border border-opacity-10 focus:outline-none focus:ring-1 focus:ring-gray-200 focus:border-transparent shadow-sm border-gray-100 placeholder-gray-700 dark:placeholder-gray-400 placeholder-opacity-50 dark:placeholder-opacity-50 dark:duration-500 transition duration-500 "
        name="message"
        onChange={[Function]}
        placeholder="Message"
        required={true}
        type="text"
        value=""
      />
      <p
        className="hidden "
      >
        Message sent!, I'll get back to you as soon as possible.
Thank you for contacting!
      </p>
    </div>
    <div
      className="flex flex-col md:flex-row items-center"
    >
      <div
        className="flex flex-col sm:flex-row items-center justify-center w-full"
      >
        <div
          className="flex justify-center sm:justify-between pt-2 w-full"
        >
          <label
            className="text-gray-300 text-center"
          >
            <span
              className="text-md lg:text-base sm:w-60 text-red-900 dark:text-red-300 transform duration-500 "
            >
              Characters  0/50 min
            </span>
          </label>
        </div>
        <div
          className="flex justify-center sm:block w-56"
        >
          <div
            className="scale-65 sm:scale-55"
          />
        </div>
      </div>
      <div
        className="flex flex-col items-center "
      >
        <button
          className="transition duration-500  inline-flex justify-center py-2 px-4 w-48 shadow-sm font-extralight rounded-md bg-black opacity-20 text-lg text-gray-300"
          disabled={true}
          type="submit"
        >
          Send
        </button>
      </div>
    </div>
  </form>
</div>
`;
