// Jest Snapshot v1, https://goo.gl/fbAQLP

exports[`Testing Snapshot of the Education component 1`] = `
<div
  className="bg-gray-400 dark:bg-gray-900 flex flex-col items-center p-4 md:py-10 lg:py-20 transition duration-500 rounded-b-xl bg-opacity-70 dark:bg-opacity-70"
>
  <div
    className="flex flex-col justify-center bg-gray-500 border-2 border-gray-300 rounded-lg p-4 mb-2 w-full sm:w-11/12 lg:w-2/3 sm:h-44 md:h-40 xl:h-36"
  >
    <h1
      className=" md:text-xl text-gray-900 pb-1 font-bold border-b-2 border-gray-300"
    >
      <a
        className="text-gray-900 underline transition duration-200 hover:text-indigo-600 hover:no-underline"
        href="https://devopswithkubernetes.com/"
        target="blank"
      >
        DevOps with Kubernetes (on-line)
      </a>
    </h1>
    <p
      className="text-gray-300 pt-3 text-justify"
    >
      Introductory course to Kubernetes with K3s and GKE lectured on-line in MOOC.fi and developed by the University of Helsinki in partnership with Unity
    </p>
  </div>
  <div
    className="flex flex-col justify-center bg-gray-500 border-2 border-gray-300 rounded-lg p-4 mb-2 w-full sm:w-11/12 lg:w-2/3 sm:h-44 md:h-40 xl:h-36"
  >
    <h1
      className=" md:text-xl text-gray-900 pb-1 font-bold border-b-2 border-gray-300"
    >
      <a
        className="text-gray-900 underline transition duration-200 hover:text-indigo-600 hover:no-underline"
        href="https://devopswithdocker.com/"
        target="blank"
      >
        DevOps with Docker (on-line)
      </a>
    </h1>
    <p
      className="text-gray-300 pt-3 text-justify"
    >
      Introductory course to Docker and docker-compose lectured on-line in MOOC.fi and developed by the University of Helsinki in partnership with Eficode
    </p>
  </div>
  <div
    className="flex flex-col justify-center bg-gray-500 border-2 border-gray-300 rounded-lg p-4 mb-2 w-full sm:w-11/12 lg:w-2/3 sm:h-60 md:h-56 xl:h-48"
  >
    <h1
      className=" md:text-xl text-gray-900 pb-1 font-bold border-b-2 border-gray-300"
    >
      <a
        className="text-gray-900 underline transition duration-200 hover:text-indigo-600 hover:no-underline"
        href="https://fullstackopen.com/en/"
        target="blank"
      >
        Full Stack Open Course (on-line)
      </a>
    </h1>
    <p
      className="text-gray-300 pt-3 text-justify"
    >
      Course lectured on-line in MOOC.fi and developed by the University of Helsinki in cooperation with Partners and affiliates of the course which include Houston Inc, Terveystalo, Elisa, K-ryhmä, Unity Technologies and Konecranes. Completed between AUG 2020 - JULY 2021, written and taught by professors from the University of Helsinki. The course is an introduction to modern web development with JavaScript, React, RESTful and GraphQL web services implemented with Node.js and also have parts on TypeScript, React Native and Continuous integration.
    </p>
  </div>
  <div
    className="flex flex-col justify-center bg-gray-500 border-2 border-gray-300 rounded-lg p-4 mb-2 w-full sm:w-11/12 lg:w-2/3 md:h-36 text-justify"
  >
    <h1
      className=" md:text-xl text-gray-900 pb-1 font-bold border-b-2 border-gray-300"
    >
      Communication Engineering
    </h1>
    <p
      className="text-gray-300  pt-3"
    >
      Master Courses as an Erasmus Exchange Student 2014-2015
    </p>
    <a
      className="text-gray-300  pt-1 underline hover:no-underline transition duration-500"
      education-tool-tip-msg="Click here to visit the school's website"
      href="https://www.aalto.fi/en/school-of-electrical-engineering"
      target="blank"
    >
      @Aalto University – School of Electrical Engineering
    </a>
  </div>
  <div
    className="flex flex-col justify-center bg-gray-500 text-gray-900 border-2 border-gray-300 rounded-lg p-4 w-full sm:w-11/12 lg:w-2/3 md:h-36"
  >
    <h1
      className=" md:text-xl text-gray-900 pb-1 font-bold border-b-2 border-gray-300"
    >
      Bachelor in Telecommunications Engineering
    </h1>
    <p
      className="text-gray-300 pt-3"
    >
      I reached the 4th academic year with 78% of the studies completed
    </p>
    <a
      className="text-gray-300 pt-1 underline hover:no-underline transition duration-500"
      education-tool-tip-msg="Click here to visit the school's website"
      href="http://www.upct.es"
      target="blank"
    >
      @Universidad Politecnica de Cartagena - Technical School of Telecommunications Engineering
    </a>
  </div>
</div>
`;

exports[`Testing Snapshot of the WhoIAm component 1`] = `
<div
  className="flex justify-center bg-gray-400 dark:bg-gray-900 p-3 md:p-10 w-full transition duration-500 bg-opacity-70 dark:bg-opacity-70"
>
  <div
    className="flex flex-col items-center sm:flex-row justify-center sm:w-11/12 lg:w-9/12 "
  >
    <img
      alt="profile"
      className=" h-96 sm:h-80 md:h-96 lg:w-80 border-0 rounded-lg transition duration-500 "
      src="https://res.cloudinary.com/dbn5gpgi5/image/upload/q_auto/v1653152856/CV%20Pics/idyfixrp3nzidjjezeuc.jpg"
    />
    <div
      className="p-10 md:p-12 md:pr-0 md:pt-8 w-full lg:w-3/4"
    >
      <h1
        className="text-2xl text-black dark:text-gray-300 text-right transition duration-500"
      >
        HI! I AM 
        <span
          className="text-blue-800 dark:text-blue-300 text-right text-2xl transition duration-500"
        >
          FRANCISCO ZAVALA GONZALEZ
        </span>
      </h1>
      <p
        className="text-black dark:text-gray-300 text-right text-xl transition duration-500"
      >
        Full Stack Developer
      </p>
       
      <br />
      <p
        className="text-lg text-black dark:text-gray-300 text-right transition duration-500"
      >
        I am Mexican, I have been living in Finland since September 2014
      </p>
      <p
        className="text-lg text-black dark:text-gray-300 text-right transition duration-500"
      >
        I started my studies in Communication Engineering in Spain. In the year 2014 I moved to Finland to study some master courses at Aalto University as an Erasmus student.
      </p>
    </div>
  </div>
</div>
`;
